Archive member included to satisfy reference by file (symbol)

c:/program files (x86)/atmel/studio/7.0/toolchain/arm/arm-gnu-toolchain/bin/../lib/gcc/arm-none-eabi/6.3.1/thumb/v6-m\libgcc.a(_udivsi3.o)
                              hal/src/hal_flash.o (__aeabi_uidiv)
c:/program files (x86)/atmel/studio/7.0/toolchain/arm/arm-gnu-toolchain/bin/../lib/gcc/arm-none-eabi/6.3.1/thumb/v6-m\libgcc.a(_dvmd_tls.o)
                              c:/program files (x86)/atmel/studio/7.0/toolchain/arm/arm-gnu-toolchain/bin/../lib/gcc/arm-none-eabi/6.3.1/thumb/v6-m\libgcc.a(_udivsi3.o) (__aeabi_idiv0)
c:/program files (x86)/atmel/studio/7.0/toolchain/arm/arm-gnu-toolchain/bin/../lib/gcc/arm-none-eabi/6.3.1/../../../../arm-none-eabi/lib/thumb/v6-m\libc_nano.a(lib_a-exit.o)
                              c:/program files (x86)/atmel/studio/7.0/toolchain/arm/arm-gnu-toolchain/bin/../lib/gcc/arm-none-eabi/6.3.1/../../../../arm-none-eabi/lib/thumb/v6-m/crt0.o (exit)
c:/program files (x86)/atmel/studio/7.0/toolchain/arm/arm-gnu-toolchain/bin/../lib/gcc/arm-none-eabi/6.3.1/../../../../arm-none-eabi/lib/thumb/v6-m\libc_nano.a(lib_a-impure.o)
                              c:/program files (x86)/atmel/studio/7.0/toolchain/arm/arm-gnu-toolchain/bin/../lib/gcc/arm-none-eabi/6.3.1/../../../../arm-none-eabi/lib/thumb/v6-m\libc_nano.a(lib_a-exit.o) (_global_impure_ptr)
c:/program files (x86)/atmel/studio/7.0/toolchain/arm/arm-gnu-toolchain/bin/../lib/gcc/arm-none-eabi/6.3.1/../../../../arm-none-eabi/lib/thumb/v6-m\libc_nano.a(lib_a-init.o)
                              c:/program files (x86)/atmel/studio/7.0/toolchain/arm/arm-gnu-toolchain/bin/../lib/gcc/arm-none-eabi/6.3.1/../../../../arm-none-eabi/lib/thumb/v6-m/crt0.o (__libc_init_array)
c:/program files (x86)/atmel/studio/7.0/toolchain/arm/arm-gnu-toolchain/bin/../lib/gcc/arm-none-eabi/6.3.1/../../../../arm-none-eabi/lib/thumb/v6-m\libc_nano.a(lib_a-memcpy-stub.o)
                              hpl/nvmctrl/hpl_nvmctrl.o (memcpy)
c:/program files (x86)/atmel/studio/7.0/toolchain/arm/arm-gnu-toolchain/bin/../lib/gcc/arm-none-eabi/6.3.1/../../../../arm-none-eabi/lib/thumb/v6-m\libc_nano.a(lib_a-memset.o)
                              c:/program files (x86)/atmel/studio/7.0/toolchain/arm/arm-gnu-toolchain/bin/../lib/gcc/arm-none-eabi/6.3.1/../../../../arm-none-eabi/lib/thumb/v6-m/crt0.o (memset)
c:/program files (x86)/atmel/studio/7.0/toolchain/arm/arm-gnu-toolchain/bin/../lib/gcc/arm-none-eabi/6.3.1/../../../../arm-none-eabi/lib/thumb/v6-m\libc_nano.a(lib_a-printf.o)
                              hal/utils/src/utils_syscalls.o (printf)
c:/program files (x86)/atmel/studio/7.0/toolchain/arm/arm-gnu-toolchain/bin/../lib/gcc/arm-none-eabi/6.3.1/../../../../arm-none-eabi/lib/thumb/v6-m\libc_nano.a(lib_a-findfp.o)
                              c:/program files (x86)/atmel/studio/7.0/toolchain/arm/arm-gnu-toolchain/bin/../lib/gcc/arm-none-eabi/6.3.1/../../../../arm-none-eabi/lib/thumb/v6-m\libc_nano.a(lib_a-printf.o) (__sinit)
c:/program files (x86)/atmel/studio/7.0/toolchain/arm/arm-gnu-toolchain/bin/../lib/gcc/arm-none-eabi/6.3.1/../../../../arm-none-eabi/lib/thumb/v6-m\libc_nano.a(lib_a-fwalk.o)
                              c:/program files (x86)/atmel/studio/7.0/toolchain/arm/arm-gnu-toolchain/bin/../lib/gcc/arm-none-eabi/6.3.1/../../../../arm-none-eabi/lib/thumb/v6-m\libc_nano.a(lib_a-findfp.o) (_fwalk)
c:/program files (x86)/atmel/studio/7.0/toolchain/arm/arm-gnu-toolchain/bin/../lib/gcc/arm-none-eabi/6.3.1/../../../../arm-none-eabi/lib/thumb/v6-m\libc_nano.a(lib_a-nano-mallocr.o)
                              c:/program files (x86)/atmel/studio/7.0/toolchain/arm/arm-gnu-toolchain/bin/../lib/gcc/arm-none-eabi/6.3.1/../../../../arm-none-eabi/lib/thumb/v6-m\libc_nano.a(lib_a-findfp.o) (_malloc_r)
c:/program files (x86)/atmel/studio/7.0/toolchain/arm/arm-gnu-toolchain/bin/../lib/gcc/arm-none-eabi/6.3.1/../../../../arm-none-eabi/lib/thumb/v6-m\libc_nano.a(lib_a-nano-vfprintf.o)
                              c:/program files (x86)/atmel/studio/7.0/toolchain/arm/arm-gnu-toolchain/bin/../lib/gcc/arm-none-eabi/6.3.1/../../../../arm-none-eabi/lib/thumb/v6-m\libc_nano.a(lib_a-printf.o) (_vfprintf_r)
c:/program files (x86)/atmel/studio/7.0/toolchain/arm/arm-gnu-toolchain/bin/../lib/gcc/arm-none-eabi/6.3.1/../../../../arm-none-eabi/lib/thumb/v6-m\libc_nano.a(lib_a-nano-vfprintf_i.o)
                              c:/program files (x86)/atmel/studio/7.0/toolchain/arm/arm-gnu-toolchain/bin/../lib/gcc/arm-none-eabi/6.3.1/../../../../arm-none-eabi/lib/thumb/v6-m\libc_nano.a(lib_a-nano-vfprintf.o) (_printf_i)
c:/program files (x86)/atmel/studio/7.0/toolchain/arm/arm-gnu-toolchain/bin/../lib/gcc/arm-none-eabi/6.3.1/../../../../arm-none-eabi/lib/thumb/v6-m\libc_nano.a(lib_a-sbrkr.o)
                              c:/program files (x86)/atmel/studio/7.0/toolchain/arm/arm-gnu-toolchain/bin/../lib/gcc/arm-none-eabi/6.3.1/../../../../arm-none-eabi/lib/thumb/v6-m\libc_nano.a(lib_a-nano-mallocr.o) (_sbrk_r)
[...]
Memory Configuration

Name             Origin             Length             Attributes
rom              0x00000000         0x00040000         xr
ram              0x20000000         0x00008000         xrw
*default*        0x00000000         0xffffffff

Linker script and memory map

LOAD c:/program files (x86)/atmel/studio/7.0/toolchain/arm/arm-gnu-toolchain/bin/../lib/gcc/arm-none-eabi/6.3.1/thumb/v6-m/crti.o
LOAD c:/program files (x86)/atmel/studio/7.0/toolchain/arm/arm-gnu-toolchain/bin/../lib/gcc/arm-none-eabi/6.3.1/thumb/v6-m/crtbegin.o
LOAD c:/program files (x86)/atmel/studio/7.0/toolchain/arm/arm-gnu-toolchain/bin/../lib/gcc/arm-none-eabi/6.3.1/../../../../arm-none-eabi/lib/thumb/v6-m/crt0.o
LOAD atmel_start.o
LOAD Device_Startup/startup_samd20.o
LOAD Device_Startup/system_samd20.o
LOAD driver_init.o
LOAD examples/driver_examples.o
LOAD hal/src/hal_atomic.o
LOAD hal/src/hal_delay.o
LOAD hal/src/hal_flash.o
LOAD hal/src/hal_gpio.o
LOAD hal/src/hal_init.o
LOAD hal/src/hal_io.o
LOAD hal/src/hal_sleep.o
LOAD hal/src/hal_timer.o
LOAD hal/utils/src/utils_assert.o
LOAD hal/utils/src/utils_event.o
LOAD hal/utils/src/utils_list.o
LOAD hal/utils/src/utils_syscalls.o
LOAD hpl/core/hpl_core_m0plus_base.o
LOAD hpl/core/hpl_init.o
LOAD hpl/gclk/hpl_gclk.o
LOAD hpl/nvmctrl/hpl_nvmctrl.o
LOAD hpl/pm/hpl_pm.o
LOAD hpl/rtc/hpl_rtc.o
LOAD hpl/sysctrl/hpl_sysctrl.o
LOAD main.o
START GROUP
LOAD c:/program files (x86)/atmel/studio/7.0/toolchain/arm/arm-gnu-toolchain/bin/../lib/gcc/arm-none-eabi/6.3.1/../../../../arm-none-eabi/lib/thumb/v6-m\libm.a
END GROUP
START GROUP
LOAD c:/program files (x86)/atmel/studio/7.0/toolchain/arm/arm-gnu-toolchain/bin/../lib/gcc/arm-none-eabi/6.3.1/thumb/v6-m\libgcc.a
LOAD c:/program files (x86)/atmel/studio/7.0/toolchain/arm/arm-gnu-toolchain/bin/../lib/gcc/arm-none-eabi/6.3.1/../../../../arm-none-eabi/lib/thumb/v6-m\libc_nano.a
END GROUP
START GROUP
LOAD c:/program files (x86)/atmel/studio/7.0/toolchain/arm/arm-gnu-toolchain/bin/../lib/gcc/arm-none-eabi/6.3.1/thumb/v6-m\libgcc.a
LOAD c:/program files (x86)/atmel/studio/7.0/toolchain/arm/arm-gnu-toolchain/bin/../lib/gcc/arm-none-eabi/6.3.1/../../../../arm-none-eabi/lib/thumb/v6-m\libc_nano.a
END GROUP
LOAD c:/program files (x86)/atmel/studio/7.0/toolchain/arm/arm-gnu-toolchain/bin/../lib/gcc/arm-none-eabi/6.3.1/thumb/v6-m/crtend.o
LOAD c:/program files (x86)/atmel/studio/7.0/toolchain/arm/arm-gnu-toolchain/bin/../lib/gcc/arm-none-eabi/6.3.1/thumb/v6-m/crtn.o
                0x00002000                STACK_SIZE = DEFINED (STACK_SIZE)?STACK_SIZE:DEFINED (__stack_size__)?__stack_size__:0x2000

.text           0x00000000      0xa4c
                0x00000000                . = ALIGN (0x4)
                0x00000000                _sfixed = .
 *(.vectors .vectors.*)
 .vectors       0x00000000       0xa4 Device_Startup/startup_samd20.o
                0x00000000                exception_table
 *(.text .text.* .gnu.linkonce.t.*)
 .text          0x000000a4       0x60 c:/program files (x86)/atmel/studio/7.0/toolchain/arm/arm-gnu-toolchain/bin/../lib/gcc/arm-none-eabi/6.3.1/thumb/v6-m/crtbegin.o
 .text.atmel_start_init
                0x00000104        0xc atmel_start.o
                0x00000104                atmel_start_init
 .text.Dummy_Handler
                0x00000110        0x2 Device_Startup/startup_samd20.o
                0x00000110                SVCall_Handler
                0x00000110                HardFault_Handler
                0x00000110                TC2_Handler
                0x00000110                AC_Handler
                0x00000110                SysTick_Handler
                0x00000110                PendSV_Handler
                0x00000110                TC7_Handler
                0x00000110                SERCOM1_Handler
                0x00000110                ADC_Handler
                0x00000110                NonMaskableInt_Handler
                0x00000110                SERCOM2_Handler
                0x00000110                EIC_Handler
                0x00000110                TC6_Handler
                0x00000110                WDT_Handler
                0x00000110                TC4_Handler
                0x00000110                TC1_Handler
                0x00000110                TC3_Handler
                0x00000110                Dummy_Handler
                0x00000110                PM_Handler
                0x00000110                SERCOM5_Handler
                0x00000110                EVSYS_Handler
                0x00000110                SERCOM3_Handler
                0x00000110                SERCOM4_Handler
                0x00000110                SERCOM0_Handler
                0x00000110                DAC_Handler
                0x00000110                PTC_Handler
                0x00000110                TC0_Handler
                0x00000110                TC5_Handler
                0x00000110                SYSCTRL_Handler
 *fill*         0x00000112        0x2 
 .text.Reset_Handler
                0x00000114       0x74 Device_Startup/startup_samd20.o
                0x00000114                Reset_Handler
 .text.TIMER_0_init
                0x00000188       0x40 driver_init.o
 .text.FLASH_0_CLOCK_init
                0x000001c8       0x10 driver_init.o
                0x000001c8                FLASH_0_CLOCK_init
 .text.FLASH_0_init
                0x000001d8       0x20 driver_init.o
                0x000001d8                FLASH_0_init
 .text.system_init
                0x000001f8       0x1c driver_init.o
                0x000001f8                system_init
 .text.flash_ready
                0x00000214        0xc hal/src/hal_flash.o
 .text.flash_error
                0x00000220        0xc hal/src/hal_flash.o
 .text.flash_init
                0x0000022c       0x4c hal/src/hal_flash.o
                0x0000022c                flash_init
 .text.flash_read
                0x00000278       0x80 hal/src/hal_flash.o
                0x00000278                flash_read
 .text.flash_write
                0x000002f8       0x98 hal/src/hal_flash.o
                0x000002f8                flash_write
 .text.flash_get_page_size
                0x00000390       0x28 hal/src/hal_flash.o
                0x00000390                flash_get_page_size
 .text.timer_add_timer_task
                0x000003b8       0x58 hal/src/hal_timer.o
 .text.timer_process_counted
                0x00000410       0x64 hal/src/hal_timer.o
 .text.timer_init
                0x00000474       0x44 hal/src/hal_timer.o
                0x00000474                timer_init
 .text.assert   0x000004b8        0x8 hal/utils/src/utils_assert.o
                0x000004b8                assert
 .text.is_list_element
                0x000004c0       0x16 hal/utils/src/utils_list.o
                0x000004c0                is_list_element
 *fill*         0x000004d6        0x2 
 .text.list_insert_as_head
                0x000004d8       0x2c hal/utils/src/utils_list.o
                0x000004d8                list_insert_as_head
 .text.list_insert_after
                0x00000504        0x8 hal/utils/src/utils_list.o
                0x00000504                list_insert_after
 .text.list_remove_head
                0x0000050c       0x12 hal/utils/src/utils_list.o
                0x0000050c                list_remove_head
 *fill*         0x0000051e        0x2 
 .text._init_chip
                0x00000520       0x30 hpl/core/hpl_init.o
                0x00000520                _init_chip
 .text._gclk_init_generators_by_fref
                0x00000550       0x20 hpl/gclk/hpl_gclk.o
                0x00000550                _gclk_init_generators_by_fref
 .text._flash_erase_row
                0x00000570       0x20 hpl/nvmctrl/hpl_nvmctrl.o
 .text._flash_program
                0x00000590       0x80 hpl/nvmctrl/hpl_nvmctrl.o
 .text._flash_init
                0x00000610       0x60 hpl/nvmctrl/hpl_nvmctrl.o
                0x00000610                _flash_init
 .text._flash_get_page_size
                0x00000670        0x4 hpl/nvmctrl/hpl_nvmctrl.o
                0x00000670                _flash_get_page_size
 .text._flash_get_total_pages
                0x00000674        0x6 hpl/nvmctrl/hpl_nvmctrl.o
                0x00000674                _flash_get_total_pages
 .text._flash_read
                0x0000067a       0x4c hpl/nvmctrl/hpl_nvmctrl.o
                0x0000067a                _flash_read
 *fill*         0x000006c6        0x2 
 .text._flash_write
                0x000006c8       0xd8 hpl/nvmctrl/hpl_nvmctrl.o
                0x000006c8                _flash_write
 .text._flash_is_locked
                0x000007a0       0x18 hpl/nvmctrl/hpl_nvmctrl.o
                0x000007a0                _flash_is_locked
 .text.NVMCTRL_Handler
                0x000007b8       0x30 hpl/nvmctrl/hpl_nvmctrl.o
                0x000007b8                NVMCTRL_Handler
 .text._pm_init
                0x000007e8       0x20 hpl/pm/hpl_pm.o
                0x000007e8                _pm_init
 .text._rtc_timer_interrupt_handler
                0x00000808       0x1c hpl/rtc/hpl_rtc.o
 .text._timer_init
                0x00000824       0x5c hpl/rtc/hpl_rtc.o
                0x00000824                _timer_init
 .text._rtc_get_timer
                0x00000880        0x4 hpl/rtc/hpl_rtc.o
                0x00000880                _rtc_get_timer
 .text.RTC_Handler
                0x00000884       0x14 hpl/rtc/hpl_rtc.o
                0x00000884                RTC_Handler
 .text._sysctrl_init_sources
                0x00000898       0x4c hpl/sysctrl/hpl_sysctrl.o
                0x00000898                _sysctrl_init_sources
 .text._sysctrl_init_referenced_generators
                0x000008e4       0x10 hpl/sysctrl/hpl_sysctrl.o
                0x000008e4                _sysctrl_init_referenced_generators
 .text.FLASH_0_func
                0x000008f4       0x54 main.o
                0x000008f4                FLASH_0_func
 .text.main     0x00000948       0x14 main.o
                0x00000948                main
 .text.__libc_init_array
                0x0000095c       0x48 c:/program files (x86)/atmel/studio/7.0/toolchain/arm/arm-gnu-toolchain/bin/../lib/gcc/arm-none-eabi/6.3.1/../../../../arm-none-eabi/lib/thumb/v6-m\libc_nano.a(lib_a-init.o)
                0x0000095c                __libc_init_array
 *(.glue_7t)
 .glue_7t       0x000009a4        0x0 linker stubs
 *(.glue_7)
 .glue_7        0x000009a4        0x0 linker stubs
 *(.rodata .rodata* .gnu.linkonce.r.*)
 .rodata.str1.4
                0x000009a4       0x17 hal/src/hal_flash.o
 *fill*         0x000009bb        0x1 
 .rodata.str1.4
                0x000009bc       0x17 hal/src/hal_timer.o
 *fill*         0x000009d3        0x1 
 .rodata.str1.4
                0x000009d4       0x1e hal/utils/src/utils_list.o
 *fill*         0x000009f2        0x2 
 .rodata.str1.4
                0x000009f4       0x1d hpl/nvmctrl/hpl_nvmctrl.o
 *fill*         0x00000a11        0x3 
 .rodata.str1.4
                0x00000a14       0x18 hpl/rtc/hpl_rtc.o
                                 0x15 (size before relaxing)
 *(.ARM.extab* .gnu.linkonce.armextab.*)
                0x00000a2c                . = ALIGN (0x4)
 *(.init)
 .init          0x00000a2c        0x4 c:/program files (x86)/atmel/studio/7.0/toolchain/arm/arm-gnu-toolchain/bin/../lib/gcc/arm-none-eabi/6.3.1/thumb/v6-m/crti.o
                0x00000a2c                _init
 .init          0x00000a30        0x8 c:/program files (x86)/atmel/studio/7.0/toolchain/arm/arm-gnu-toolchain/bin/../lib/gcc/arm-none-eabi/6.3.1/thumb/v6-m/crtn.o
                0x00000a38                . = ALIGN (0x4)
                0x00000a38                __preinit_array_start = .
 *(.preinit_array)
                0x00000a38                __preinit_array_end = .
                0x00000a38                . = ALIGN (0x4)
                0x00000a38                __init_array_start = .
 *(SORT(.init_array.*))
 *(.init_array)
 .init_array    0x00000a38        0x4 c:/program files (x86)/atmel/studio/7.0/toolchain/arm/arm-gnu-toolchain/bin/../lib/gcc/arm-none-eabi/6.3.1/thumb/v6-m/crtbegin.o
                0x00000a3c                __init_array_end = .
                0x00000a3c                . = ALIGN (0x4)
 *crtbegin.o(.ctors)
 *(EXCLUDE_FILE(*crtend.o) .ctors)
 *(SORT(.ctors.*))
 *crtend.o(.ctors)
                0x00000a3c                . = ALIGN (0x4)
 *(.fini)
 .fini          0x00000a3c        0x4 c:/program files (x86)/atmel/studio/7.0/toolchain/arm/arm-gnu-toolchain/bin/../lib/gcc/arm-none-eabi/6.3.1/thumb/v6-m/crti.o
                0x00000a3c                _fini
 .fini          0x00000a40        0x8 c:/program files (x86)/atmel/studio/7.0/toolchain/arm/arm-gnu-toolchain/bin/../lib/gcc/arm-none-eabi/6.3.1/thumb/v6-m/crtn.o
                0x00000a48                . = ALIGN (0x4)
                0x00000a48                __fini_array_start = .
 *(.fini_array)
 .fini_array    0x00000a48        0x4 c:/program files (x86)/atmel/studio/7.0/toolchain/arm/arm-gnu-toolchain/bin/../lib/gcc/arm-none-eabi/6.3.1/thumb/v6-m/crtbegin.o
 *(SORT(.fini_array.*))
                0x00000a4c                __fini_array_end = .
 *crtbegin.o(.dtors)
 *(EXCLUDE_FILE(*crtend.o) .dtors)
 *(SORT(.dtors.*))
 *crtend.o(.dtors)
                0x00000a4c                . = ALIGN (0x4)
                0x00000a4c                _efixed = .
                [!provide]                PROVIDE (__exidx_start, .)

.vfp11_veneer   0x00000a4c        0x0
 .vfp11_veneer  0x00000a4c        0x0 linker stubs

.v4_bx          0x00000a4c        0x0
 .v4_bx         0x00000a4c        0x0 linker stubs

.iplt           0x00000a4c        0x0
 .iplt          0x00000a4c        0x0 c:/program files (x86)/atmel/studio/7.0/toolchain/arm/arm-gnu-toolchain/bin/../lib/gcc/arm-none-eabi/6.3.1/thumb/v6-m/crtbegin.o

.eh_frame       0x00000a4c        0x0
 .eh_frame      0x00000a4c        0x0 c:/program files (x86)/atmel/studio/7.0/toolchain/arm/arm-gnu-toolchain/bin/../lib/gcc/arm-none-eabi/6.3.1/thumb/v6-m/crtbegin.o

.rel.dyn        0x00000a4c        0x0
 .rel.iplt      0x00000a4c        0x0 c:/program files (x86)/atmel/studio/7.0/toolchain/arm/arm-gnu-toolchain/bin/../lib/gcc/arm-none-eabi/6.3.1/thumb/v6-m/crtbegin.o

.jcr            0x00000a4c        0x0
 .jcr           0x00000a4c        0x0 c:/program files (x86)/atmel/studio/7.0/toolchain/arm/arm-gnu-toolchain/bin/../lib/gcc/arm-none-eabi/6.3.1/thumb/v6-m/crtbegin.o

.igot.plt       0x00000a4c        0x0
 .igot.plt      0x00000a4c        0x0 c:/program files (x86)/atmel/studio/7.0/toolchain/arm/arm-gnu-toolchain/bin/../lib/gcc/arm-none-eabi/6.3.1/thumb/v6-m/crtbegin.o

.ARM.exidx
 *(.ARM.exidx* .gnu.linkonce.armexidx.*)
                [!provide]                PROVIDE (__exidx_end, .)
                0x00000a4c                . = ALIGN (0x4)
                0x00000a4c                _etext = .

.relocate       0x20000000        0x0 load address 0x00000a4c
                0x20000000                . = ALIGN (0x4)
                0x20000000                _srelocate = .
 *(.ramfunc .ramfunc.*)
 *(.data .data.*)
                0x20000000                . = ALIGN (0x4)
                0x20000000                _erelocate = .

.bss            0x20000000      0x15c
                0x20000000                . = ALIGN (0x4)
                0x20000000                _sbss = .
                0x20000000                _szero = .
 *(.bss .bss.*)
 .bss           0x20000000       0x1c c:/program files (x86)/atmel/studio/7.0/toolchain/arm/arm-gnu-toolchain/bin/../lib/gcc/arm-none-eabi/6.3.1/thumb/v6-m/crtbegin.o
 .bss           0x2000001c        0x4 hpl/nvmctrl/hpl_nvmctrl.o
 .bss           0x20000020        0x4 hpl/rtc/hpl_rtc.o
 .bss           0x20000024      0x100 main.o
 *(COMMON)
 COMMON         0x20000124       0x38 driver_init.o
                0x20000124                FLASH_0
                0x20000140                TIMER_0
                0x2000015c                . = ALIGN (0x4)
                0x2000015c                _ebss = .
                0x2000015c                _ezero = .

.stack          0x2000015c     0x2004
                0x20000160                . = ALIGN (0x8)
 *fill*         0x2000015c        0x4 
                0x20000160                _sstack = .
                0x20002160                . = (. + STACK_SIZE)
 *fill*         0x20000160     0x2000 
                0x20002160                . = ALIGN (0x8)
                0x20002160                _estack = .
                0x20002160                . = ALIGN (0x4)
                0x20002160                _end = .
OUTPUT(Flash_Usage.elf elf32-littlearm)

.ARM.attributes
                0x00000000       0x28
 .ARM.attributes
                0x00000000       0x1e c:/program files (x86)/atmel/studio/7.0/toolchain/arm/arm-gnu-toolchain/bin/../lib/gcc/arm-none-eabi/6.3.1/thumb/v6-m/crti.o
 .ARM.attributes
                0x0000001e       0x2c c:/program files (x86)/atmel/studio/7.0/toolchain/arm/arm-gnu-toolchain/bin/../lib/gcc/arm-none-eabi/6.3.1/thumb/v6-m/crtbegin.o
 .ARM.attributes
                0x0000004a       0x32 atmel_start.o
 .ARM.attributes
                0x0000007c       0x32 Device_Startup/startup_samd20.o
 .ARM.attributes
                0x000000ae       0x32 driver_init.o
 .ARM.attributes
                0x000000e0       0x32 hal/src/hal_flash.o
 .ARM.attributes
                0x00000112       0x32 hal/src/hal_timer.o
 .ARM.attributes
                0x00000144       0x32 hal/utils/src/utils_assert.o
 .ARM.attributes
                0x00000176       0x32 hal/utils/src/utils_list.o
 .ARM.attributes
                0x000001a8       0x32 hpl/core/hpl_init.o
 .ARM.attributes
                0x000001da       0x32 hpl/gclk/hpl_gclk.o
 .ARM.attributes
                0x0000020c       0x32 hpl/nvmctrl/hpl_nvmctrl.o
 .ARM.attributes
                0x0000023e       0x32 hpl/pm/hpl_pm.o
 .ARM.attributes
                0x00000270       0x32 hpl/rtc/hpl_rtc.o
 .ARM.attributes
                0x000002a2       0x32 hpl/sysctrl/hpl_sysctrl.o
 .ARM.attributes
                0x000002d4       0x32 main.o
 .ARM.attributes
                0x00000306       0x2c c:/program files (x86)/atmel/studio/7.0/toolchain/arm/arm-gnu-toolchain/bin/../lib/gcc/arm-none-eabi/6.3.1/../../../../arm-none-eabi/lib/thumb/v6-m\libc_nano.a(lib_a-init.o)
 .ARM.attributes
                0x00000332       0x1e c:/program files (x86)/atmel/studio/7.0/toolchain/arm/arm-gnu-toolchain/bin/../lib/gcc/arm-none-eabi/6.3.1/thumb/v6-m/crtn.o

.comment        0x00000000       0x59
 .comment       0x00000000       0x59 atmel_start.o
                                 0x5a (size before relaxing)
 .comment       0x00000059       0x5a Device_Startup/startup_samd20.o
 .comment       0x00000059       0x5a driver_init.o
 .comment       0x00000059       0x5a hal/src/hal_flash.o
 .comment       0x00000059       0x5a hal/src/hal_timer.o
 .comment       0x00000059       0x5a hal/utils/src/utils_assert.o
 .comment       0x00000059       0x5a hal/utils/src/utils_list.o
 .comment       0x00000059       0x5a hpl/core/hpl_init.o
 .comment       0x00000059       0x5a hpl/gclk/hpl_gclk.o
 .comment       0x00000059       0x5a hpl/nvmctrl/hpl_nvmctrl.o
 .comment       0x00000059       0x5a hpl/pm/hpl_pm.o
 .comment       0x00000059       0x5a hpl/rtc/hpl_rtc.o
 .comment       0x00000059       0x5a hpl/sysctrl/hpl_sysctrl.o
 .comment       0x00000059       0x5a main.o

.debug_info     0x00000000     0xd9ac
 .debug_info    0x00000000      0x323 atmel_start.o
 .debug_info    0x00000323      0x9c8 Device_Startup/startup_samd20.o
 .debug_info    0x00000ceb     0x3b37 driver_init.o
 .debug_info    0x00004822      0xc20 hal/src/hal_flash.o
 .debug_info    0x00005442      0xb91 hal/src/hal_timer.o
 .debug_info    0x00005fd3      0x107 hal/utils/src/utils_assert.o
 .debug_info    0x000060da      0x314 hal/utils/src/utils_list.o
 .debug_info    0x000063ee      0x677 hpl/core/hpl_init.o
 .debug_info    0x00006a65      0x4e1 hpl/gclk/hpl_gclk.o
 .debug_info    0x00006f46     0x2900 hpl/nvmctrl/hpl_nvmctrl.o
 .debug_info    0x00009846      0xbfe hpl/pm/hpl_pm.o
 .debug_info    0x0000a444     0x205e hpl/rtc/hpl_rtc.o
 .debug_info    0x0000c4a2     0x10e3 hpl/sysctrl/hpl_sysctrl.o
 .debug_info    0x0000d585      0x427 main.o

.debug_abbrev   0x00000000     0x1e88
 .debug_abbrev  0x00000000       0xdf atmel_start.o
 .debug_abbrev  0x000000df      0x1d7 Device_Startup/startup_samd20.o
 .debug_abbrev  0x000002b6      0x330 driver_init.o
 .debug_abbrev  0x000005e6      0x1c5 hal/src/hal_flash.o
 .debug_abbrev  0x000007ab      0x221 hal/src/hal_timer.o
 .debug_abbrev  0x000009cc       0x86 hal/utils/src/utils_assert.o
 .debug_abbrev  0x00000a52      0x152 hal/utils/src/utils_list.o
 .debug_abbrev  0x00000ba4      0x1cc hpl/core/hpl_init.o
 .debug_abbrev  0x00000d70      0x1c3 hpl/gclk/hpl_gclk.o
 .debug_abbrev  0x00000f33      0x5e9 hpl/nvmctrl/hpl_nvmctrl.o
 .debug_abbrev  0x0000151c      0x226 hpl/pm/hpl_pm.o
 .debug_abbrev  0x00001742      0x3ed hpl/rtc/hpl_rtc.o
 .debug_abbrev  0x00001b2f      0x1fb hpl/sysctrl/hpl_sysctrl.o
 .debug_abbrev  0x00001d2a      0x15e main.o

.debug_loc      0x00000000     0x3d90
 .debug_loc     0x00000000       0x20 atmel_start.o
 .debug_loc     0x00000020       0x78 Device_Startup/startup_samd20.o
 .debug_loc     0x00000098      0x122 driver_init.o
 .debug_loc     0x000001ba      0xd6e hal/src/hal_flash.o
 .debug_loc     0x00000f28      0x767 hal/src/hal_timer.o
 .debug_loc     0x0000168f      0x213 hal/utils/src/utils_list.o
 .debug_loc     0x000018a2       0x4c hpl/core/hpl_init.o
 .debug_loc     0x000018ee       0xa3 hpl/gclk/hpl_gclk.o
 .debug_loc     0x00001991     0x1b9d hpl/nvmctrl/hpl_nvmctrl.o
 .debug_loc     0x0000352e      0x11b hpl/pm/hpl_pm.o
 .debug_loc     0x00003649      0x561 hpl/rtc/hpl_rtc.o
 .debug_loc     0x00003baa      0x153 hpl/sysctrl/hpl_sysctrl.o
 .debug_loc     0x00003cfd       0x93 main.o

.debug_aranges  0x00000000      0x3e8
 .debug_aranges
                0x00000000       0x20 atmel_start.o
 .debug_aranges
                0x00000020       0x28 Device_Startup/startup_samd20.o
 .debug_aranges
                0x00000048       0x38 driver_init.o
 .debug_aranges
                0x00000080       0x90 hal/src/hal_flash.o
 .debug_aranges
                0x00000110       0x70 hal/src/hal_timer.o
 .debug_aranges
                0x00000180       0x20 hal/utils/src/utils_assert.o
 .debug_aranges
                0x000001a0       0x48 hal/utils/src/utils_list.o
 .debug_aranges
                0x000001e8       0x20 hpl/core/hpl_init.o
 .debug_aranges
                0x00000208       0x28 hpl/gclk/hpl_gclk.o
 .debug_aranges
                0x00000230       0xc8 hpl/nvmctrl/hpl_nvmctrl.o
 .debug_aranges
                0x000002f8       0x30 hpl/pm/hpl_pm.o
 .debug_aranges
                0x00000328       0x70 hpl/rtc/hpl_rtc.o
 .debug_aranges
                0x00000398       0x28 hpl/sysctrl/hpl_sysctrl.o
 .debug_aranges
                0x000003c0       0x28 main.o

.debug_ranges   0x00000000      0x350
 .debug_ranges  0x00000000       0x10 atmel_start.o
 .debug_ranges  0x00000010       0x18 Device_Startup/startup_samd20.o
 .debug_ranges  0x00000028       0x28 driver_init.o
 .debug_ranges  0x00000050       0x80 hal/src/hal_flash.o
 .debug_ranges  0x000000d0       0x90 hal/src/hal_timer.o
 .debug_ranges  0x00000160       0x10 hal/utils/src/utils_assert.o
 .debug_ranges  0x00000170       0x38 hal/utils/src/utils_list.o
 .debug_ranges  0x000001a8       0x10 hpl/core/hpl_init.o
 .debug_ranges  0x000001b8       0x18 hpl/gclk/hpl_gclk.o
 .debug_ranges  0x000001d0       0xd0 hpl/nvmctrl/hpl_nvmctrl.o
 .debug_ranges  0x000002a0       0x20 hpl/pm/hpl_pm.o
 .debug_ranges  0x000002c0       0x60 hpl/rtc/hpl_rtc.o
 .debug_ranges  0x00000320       0x18 hpl/sysctrl/hpl_sysctrl.o
 .debug_ranges  0x00000338       0x18 main.o

.debug_macro    0x00000000     0xf462
 .debug_macro   0x00000000      0x468 atmel_start.o
 .debug_macro   0x00000468      0x89e atmel_start.o
 .debug_macro   0x00000d06      0x16d atmel_start.o
 .debug_macro   0x00000e73       0x22 atmel_start.o
 .debug_macro   0x00000e95       0x87 atmel_start.o
 .debug_macro   0x00000f1c       0x51 atmel_start.o
 .debug_macro   0x00000f6d       0xef atmel_start.o
 .debug_macro   0x0000105c       0x6a atmel_start.o
 .debug_macro   0x000010c6      0x1df atmel_start.o
 .debug_macro   0x000012a5       0x22 atmel_start.o
 .debug_macro   0x000012c7       0x3f atmel_start.o
 .debug_macro   0x00001306       0x1c atmel_start.o
 .debug_macro   0x00001322       0x22 atmel_start.o
 .debug_macro   0x00001344       0xb5 atmel_start.o
 .debug_macro   0x000013f9      0x3ad atmel_start.o
 .debug_macro   0x000017a6      0x67e atmel_start.o
 .debug_macro   0x00001e24      0x8b1 atmel_start.o
 .debug_macro   0x000026d5      0x222 atmel_start.o
 .debug_macro   0x000028f7      0x5e7 atmel_start.o
 .debug_macro   0x00002ede      0x9f6 atmel_start.o
 .debug_macro   0x000038d4      0x5b5 atmel_start.o
 .debug_macro   0x00003e89      0x4a5 atmel_start.o
 .debug_macro   0x0000432e      0x6e8 atmel_start.o
 .debug_macro   0x00004a16       0x5e atmel_start.o
 .debug_macro   0x00004a74      0x5de atmel_start.o
 .debug_macro   0x00005052      0x3ac atmel_start.o
 .debug_macro   0x000053fe      0xc76 atmel_start.o
 .debug_macro   0x00006074      0xd23 atmel_start.o
 .debug_macro   0x00006d97      0x7ac atmel_start.o
 .debug_macro   0x00007543      0x6ba atmel_start.o
 .debug_macro   0x00007bfd      0x340 atmel_start.o
 .debug_macro   0x00007f3d       0x7c atmel_start.o
 .debug_macro   0x00007fb9       0x9a atmel_start.o
 .debug_macro   0x00008053       0x46 atmel_start.o
 .debug_macro   0x00008099       0xb2 atmel_start.o
 .debug_macro   0x0000814b       0x6a atmel_start.o
 .debug_macro   0x000081b5      0x261 atmel_start.o
 .debug_macro   0x00008416       0x7c atmel_start.o
 .debug_macro   0x00008492       0xb2 atmel_start.o
 .debug_macro   0x00008544       0x1c atmel_start.o
 .debug_macro   0x00008560       0x1c atmel_start.o
 .debug_macro   0x0000857c       0x1c atmel_start.o
 .debug_macro   0x00008598       0x82 atmel_start.o
 .debug_macro   0x0000861a      0x15a atmel_start.o
 .debug_macro   0x00008774       0x10 atmel_start.o
 .debug_macro   0x00008784       0xdc atmel_start.o
 .debug_macro   0x00008860      0x100 atmel_start.o
 .debug_macro   0x00008960      0x100 atmel_start.o
 .debug_macro   0x00008a60      0x100 atmel_start.o
 .debug_macro   0x00008b60      0x100 atmel_start.o
 .debug_macro   0x00008c60      0x100 atmel_start.o
 .debug_macro   0x00008d60      0x100 atmel_start.o
 .debug_macro   0x00008e60       0xfa atmel_start.o
 .debug_macro   0x00008f5a       0xbe atmel_start.o
 .debug_macro   0x00009018       0xbe atmel_start.o
 .debug_macro   0x000090d6       0xbe atmel_start.o
 .debug_macro   0x00009194       0xbe atmel_start.o
 .debug_macro   0x00009252       0xbe atmel_start.o
 .debug_macro   0x00009310       0xbe atmel_start.o
 .debug_macro   0x000093ce       0xbe atmel_start.o
 .debug_macro   0x0000948c       0xbe atmel_start.o
 .debug_macro   0x0000954a       0x40 atmel_start.o
 .debug_macro   0x0000958a      0x2f8 atmel_start.o
 .debug_macro   0x00009882     0x1b18 atmel_start.o
 .debug_macro   0x0000b39a       0x66 atmel_start.o
 .debug_macro   0x0000b400       0x10 atmel_start.o
 .debug_macro   0x0000b410       0x10 atmel_start.o
 .debug_macro   0x0000b420       0x16 atmel_start.o
 .debug_macro   0x0000b436       0x16 atmel_start.o
 .debug_macro   0x0000b44c       0x16 atmel_start.o
 .debug_macro   0x0000b462       0x16 atmel_start.o
 .debug_macro   0x0000b478       0x16 atmel_start.o
 .debug_macro   0x0000b48e       0x16 atmel_start.o
 .debug_macro   0x0000b4a4       0x16 atmel_start.o
 .debug_macro   0x0000b4ba       0x16 atmel_start.o
 .debug_macro   0x0000b4d0       0x16 atmel_start.o
 .debug_macro   0x0000b4e6       0x16 atmel_start.o
 .debug_macro   0x0000b4fc      0x4c3 atmel_start.o
 .debug_macro   0x0000b9bf       0x16 atmel_start.o
 .debug_macro   0x0000b9d5       0x16 atmel_start.o
 .debug_macro   0x0000b9eb       0x6a atmel_start.o
 .debug_macro   0x0000ba55       0x16 atmel_start.o
 .debug_macro   0x0000ba6b       0xca atmel_start.o
 .debug_macro   0x0000bb35       0x1c atmel_start.o
 .debug_macro   0x0000bb51       0x16 atmel_start.o
 .debug_macro   0x0000bb67       0x34 atmel_start.o
 .debug_macro   0x0000bb9b      0x2a2 Device_Startup/startup_samd20.o
 .debug_macro   0x0000be3d       0x39 Device_Startup/startup_samd20.o
 .debug_macro   0x0000be76      0x48e driver_init.o
 .debug_macro   0x0000c304       0x1c driver_init.o
 .debug_macro   0x0000c320       0xc9 driver_init.o
 .debug_macro   0x0000c3e9      0x3ca hal/src/hal_flash.o
 .debug_macro   0x0000c7b3      0x3e0 hal/src/hal_timer.o
 .debug_macro   0x0000cb93      0x3a3 hal/utils/src/utils_assert.o
 .debug_macro   0x0000cf36       0x10 hal/utils/src/utils_assert.o
 .debug_macro   0x0000cf46      0x3a7 hal/utils/src/utils_list.o
 .debug_macro   0x0000d2ed      0x3ed hpl/core/hpl_init.o
 .debug_macro   0x0000d6da       0x2e hpl/core/hpl_init.o
 .debug_macro   0x0000d708      0x3b0 hpl/gclk/hpl_gclk.o
 .debug_macro   0x0000dab8      0x1f3 hpl/gclk/hpl_gclk.o
 .debug_macro   0x0000dcab      0x4da hpl/nvmctrl/hpl_nvmctrl.o
 .debug_macro   0x0000e185       0x1c hpl/nvmctrl/hpl_nvmctrl.o
 .debug_macro   0x0000e1a1      0x3d9 hpl/pm/hpl_pm.o
 .debug_macro   0x0000e57a      0x3d2 hpl/rtc/hpl_rtc.o
 .debug_macro   0x0000e94c       0x64 hpl/rtc/hpl_rtc.o
 .debug_macro   0x0000e9b0      0x3b0 hpl/sysctrl/hpl_sysctrl.o
 .debug_macro   0x0000ed60      0x29a hpl/sysctrl/hpl_sysctrl.o
 .debug_macro   0x0000effa      0x468 main.o

.debug_line     0x00000000     0x8808
 .debug_line    0x00000000      0x995 atmel_start.o
 .debug_line    0x00000995      0x68e Device_Startup/startup_samd20.o
 .debug_line    0x00001023      0xa5d driver_init.o
 .debug_line    0x00001a80      0xae5 hal/src/hal_flash.o
 .debug_line    0x00002565      0xa40 hal/src/hal_timer.o
 .debug_line    0x00002fa5      0x86c hal/utils/src/utils_assert.o
 .debug_line    0x00003811      0x905 hal/utils/src/utils_list.o
 .debug_line    0x00004116      0x902 hpl/core/hpl_init.o
 .debug_line    0x00004a18      0x8c6 hpl/gclk/hpl_gclk.o
 .debug_line    0x000052de      0xec6 hpl/nvmctrl/hpl_nvmctrl.o
 .debug_line    0x000061a4      0x912 hpl/pm/hpl_pm.o
 .debug_line    0x00006ab6      0xaaa hpl/rtc/hpl_rtc.o
 .debug_line    0x00007560      0x8f5 hpl/sysctrl/hpl_sysctrl.o
 .debug_line    0x00007e55      0x9b3 main.o

.debug_str      0x00000000    0x50c39
 .debug_str     0x00000000    0x49b2e atmel_start.o
                              0x49f81 (size before relaxing)
 .debug_str     0x00049b2e      0x4f1 Device_Startup/startup_samd20.o
                              0x46158 (size before relaxing)
 .debug_str     0x0004a01f     0x1133 driver_init.o
                              0x4b28c (size before relaxing)
 .debug_str     0x0004b152      0x1fe hal/src/hal_flash.o
                              0x4a391 (size before relaxing)
 .debug_str     0x0004b350      0x305 hal/src/hal_timer.o
                              0x4a498 (size before relaxing)
 .debug_str     0x0004b655       0x2a hal/utils/src/utils_assert.o
                              0x49b69 (size before relaxing)
 .debug_str     0x0004b67f       0x31 hal/utils/src/utils_list.o
                              0x49c13 (size before relaxing)
 .debug_str     0x0004b6b0      0x1df hpl/core/hpl_init.o
                              0x4a00b (size before relaxing)
 .debug_str     0x0004b88f      0x81a hpl/gclk/hpl_gclk.o
                              0x4a451 (size before relaxing)
 .debug_str     0x0004c0a9     0x3617 hpl/nvmctrl/hpl_nvmctrl.o
                              0x4da7b (size before relaxing)
 .debug_str     0x0004f6c0      0x194 hpl/pm/hpl_pm.o
                              0x4a174 (size before relaxing)
 .debug_str     0x0004f854      0x364 hpl/rtc/hpl_rtc.o
                              0x4a67c (size before relaxing)
 .debug_str     0x0004fbb8     0x1056 hpl/sysctrl/hpl_sysctrl.o
                              0x4ac99 (size before relaxing)
 .debug_str     0x00050c0e       0x2b main.o
                              0x49fdb (size before relaxing)

.debug_frame    0x00000000      0x8f4
 .debug_frame   0x00000000       0x28 atmel_start.o
 .debug_frame   0x00000028       0x38 Device_Startup/startup_samd20.o
 .debug_frame   0x00000060       0x68 driver_init.o
 .debug_frame   0x000000c8      0x1b8 hal/src/hal_flash.o
 .debug_frame   0x00000280      0x13c hal/src/hal_timer.o
 .debug_frame   0x000003bc       0x20 hal/utils/src/utils_assert.o
 .debug_frame   0x000003dc       0x88 hal/utils/src/utils_list.o
 .debug_frame   0x00000464       0x28 hpl/core/hpl_init.o
 .debug_frame   0x0000048c       0x30 hpl/gclk/hpl_gclk.o
 .debug_frame   0x000004bc      0x260 hpl/nvmctrl/hpl_nvmctrl.o
 .debug_frame   0x0000071c       0x40 hpl/pm/hpl_pm.o
 .debug_frame   0x0000075c       0xf4 hpl/rtc/hpl_rtc.o
 .debug_frame   0x00000850       0x30 hpl/sysctrl/hpl_sysctrl.o
 .debug_frame   0x00000880       0x48 main.o
 .debug_frame   0x000008c8       0x2c c:/program files (x86)/atmel/studio/7.0/toolchain/arm/arm-gnu-toolchain/bin/../lib/gcc/arm-none-eabi/6.3.1/../../../../arm-none-eabi/lib/thumb/v6-m\libc_nano.a(lib_a-init.o)
