Archive member included to satisfy reference by file (symbol)

c:/program files (x86)/atmel/studio/7.0/toolchain/arm/arm-gnu-toolchain/bin/../lib/gcc/arm-none-eabi/6.3.1/thumb/v6-m\libgcc.a(_udivsi3.o)
                              hpl/core/hpl_core_m0plus_base.o (__aeabi_uidiv)
c:/program files (x86)/atmel/studio/7.0/toolchain/arm/arm-gnu-toolchain/bin/../lib/gcc/arm-none-eabi/6.3.1/thumb/v6-m\libgcc.a(_dvmd_tls.o)
                              c:/program files (x86)/atmel/studio/7.0/toolchain/arm/arm-gnu-toolchain/bin/../lib/gcc/arm-none-eabi/6.3.1/thumb/v6-m\libgcc.a(_udivsi3.o) (__aeabi_idiv0)
c:/program files (x86)/atmel/studio/7.0/toolchain/arm/arm-gnu-toolchain/bin/../lib/gcc/arm-none-eabi/6.3.1/../../../../arm-none-eabi/lib/thumb/v6-m\libc_nano.a(lib_a-exit.o)
                              c:/program files (x86)/atmel/studio/7.0/toolchain/arm/arm-gnu-toolchain/bin/../lib/gcc/arm-none-eabi/6.3.1/../../../../arm-none-eabi/lib/thumb/v6-m/crt0.o (exit)
c:/program files (x86)/atmel/studio/7.0/toolchain/arm/arm-gnu-toolchain/bin/../lib/gcc/arm-none-eabi/6.3.1/../../../../arm-none-eabi/lib/thumb/v6-m\libc_nano.a(lib_a-impure.o)
                              c:/program files (x86)/atmel/studio/7.0/toolchain/arm/arm-gnu-toolchain/bin/../lib/gcc/arm-none-eabi/6.3.1/../../../../arm-none-eabi/lib/thumb/v6-m\libc_nano.a(lib_a-exit.o) (_global_impure_ptr)
c:/program files (x86)/atmel/studio/7.0/toolchain/arm/arm-gnu-toolchain/bin/../lib/gcc/arm-none-eabi/6.3.1/../../../../arm-none-eabi/lib/thumb/v6-m\libc_nano.a(lib_a-init.o)
                              c:/program files (x86)/atmel/studio/7.0/toolchain/arm/arm-gnu-toolchain/bin/../lib/gcc/arm-none-eabi/6.3.1/../../../../arm-none-eabi/lib/thumb/v6-m/crt0.o (__libc_init_array)
c:/program files (x86)/atmel/studio/7.0/toolchain/arm/arm-gnu-toolchain/bin/../lib/gcc/arm-none-eabi/6.3.1/../../../../arm-none-eabi/lib/thumb/v6-m\libc_nano.a(lib_a-memset.o)
                              c:/program files (x86)/atmel/studio/7.0/toolchain/arm/arm-gnu-toolchain/bin/../lib/gcc/arm-none-eabi/6.3.1/../../../../arm-none-eabi/lib/thumb/v6-m/crt0.o (memset)
c:/program files (x86)/atmel/studio/7.0/toolchain/arm/arm-gnu-toolchain/bin/../lib/gcc/arm-none-eabi/6.3.1/../../../../arm-none-eabi/lib/thumb/v6-m\libc_nano.a(lib_a-printf.o)
                              hal/utils/src/utils_syscalls.o (printf)
c:/program files (x86)/atmel/studio/7.0/toolchain/arm/arm-gnu-toolchain/bin/../lib/gcc/arm-none-eabi/6.3.1/../../../../arm-none-eabi/lib/thumb/v6-m\libc_nano.a(lib_a-findfp.o)
                              c:/program files (x86)/atmel/studio/7.0/toolchain/arm/arm-gnu-toolchain/bin/../lib/gcc/arm-none-eabi/6.3.1/../../../../arm-none-eabi/lib/thumb/v6-m\libc_nano.a(lib_a-printf.o) (__sinit)
c:/program files (x86)/atmel/studio/7.0/toolchain/arm/arm-gnu-toolchain/bin/../lib/gcc/arm-none-eabi/6.3.1/../../../../arm-none-eabi/lib/thumb/v6-m\libc_nano.a(lib_a-fwalk.o)
                              c:/program files (x86)/atmel/studio/7.0/toolchain/arm/arm-gnu-toolchain/bin/../lib/gcc/arm-none-eabi/6.3.1/../../../../arm-none-eabi/lib/thumb/v6-m\libc_nano.a(lib_a-findfp.o) (_fwalk)
c:/program files (x86)/atmel/studio/7.0/toolchain/arm/arm-gnu-toolchain/bin/../lib/gcc/arm-none-eabi/6.3.1/../../../../arm-none-eabi/lib/thumb/v6-m\libc_nano.a(lib_a-nano-mallocr.o)
                              c:/program files (x86)/atmel/studio/7.0/toolchain/arm/arm-gnu-toolchain/bin/../lib/gcc/arm-none-eabi/6.3.1/../../../../arm-none-eabi/lib/thumb/v6-m\libc_nano.a(lib_a-findfp.o) (_malloc_r)
c:/program files (x86)/atmel/studio/7.0/toolchain/arm/arm-gnu-toolchain/bin/../lib/gcc/arm-none-eabi/6.3.1/../../../../arm-none-eabi/lib/thumb/v6-m\libc_nano.a(lib_a-nano-vfprintf.o)
                              c:/program files (x86)/atmel/studio/7.0/toolchain/arm/arm-gnu-toolchain/bin/../lib/gcc/arm-none-eabi/6.3.1/../../../../arm-none-eabi/lib/thumb/v6-m\libc_nano.a(lib_a-printf.o) (_vfprintf_r)
c:/program files (x86)/atmel/studio/7.0/toolchain/arm/arm-gnu-toolchain/bin/../lib/gcc/arm-none-eabi/6.3.1/../../../../arm-none-eabi/lib/thumb/v6-m\libc_nano.a(lib_a-nano-vfprintf_i.o)
                              c:/program files (x86)/atmel/studio/7.0/toolchain/arm/arm-gnu-toolchain/bin/../lib/gcc/arm-none-eabi/6.3.1/../../../../arm-none-eabi/lib/thumb/v6-m\libc_nano.a(lib_a-nano-vfprintf.o) (_printf_i)
c:/program files (x86)/atmel/studio/7.0/toolchain/arm/arm-gnu-toolchain/bin/../lib/gcc/arm-none-eabi/6.3.1/../../../../arm-none-eabi/lib/thumb/v6-m\libc_nano.a(lib_a-sbrkr.o)
                              c:/program files (x86)/atmel/studio/7.0/toolchain/arm/arm-gnu-toolchain/bin/../lib/gcc/arm-none-eabi/6.3.1/../../../../arm-none-eabi/lib/thumb/v6-m\libc_nano.a(lib_a-nano-mallocr.o) (_sbrk_r)
c:/program files (x86)/atmel/studio/7.0/toolchain/arm/arm-gnu-toolchain/bin/../lib/gcc/arm-none-eabi/6.3.1/../../../../arm-none-eabi/lib/thumb/v6-m\libc_nano.a(lib_a-stdio.o)
[...]
Memory Configuration

Name             Origin             Length             Attributes
rom              0x00000000         0x00040000         xr
ram              0x20000000         0x00008000         xrw
*default*        0x00000000         0xffffffff

Linker script and memory map

LOAD c:/program files (x86)/atmel/studio/7.0/toolchain/arm/arm-gnu-toolchain/bin/../lib/gcc/arm-none-eabi/6.3.1/thumb/v6-m/crti.o
LOAD c:/program files (x86)/atmel/studio/7.0/toolchain/arm/arm-gnu-toolchain/bin/../lib/gcc/arm-none-eabi/6.3.1/thumb/v6-m/crtbegin.o
LOAD c:/program files (x86)/atmel/studio/7.0/toolchain/arm/arm-gnu-toolchain/bin/../lib/gcc/arm-none-eabi/6.3.1/../../../../arm-none-eabi/lib/thumb/v6-m/crt0.o
LOAD atmel_start.o
LOAD Device_Startup/startup_samd20.o
LOAD Device_Startup/system_samd20.o
LOAD driver_init.o
LOAD examples/driver_examples.o
LOAD hal/src/hal_atomic.o
LOAD hal/src/hal_delay.o
LOAD hal/src/hal_gpio.o
LOAD hal/src/hal_init.o
LOAD hal/src/hal_io.o
LOAD hal/src/hal_sleep.o
LOAD hal/src/hal_timer.o
LOAD hal/utils/src/utils_assert.o
LOAD hal/utils/src/utils_event.o
LOAD hal/utils/src/utils_list.o
LOAD hal/utils/src/utils_syscalls.o
LOAD hpl/core/hpl_core_m0plus_base.o
LOAD hpl/core/hpl_init.o
LOAD hpl/gclk/hpl_gclk.o
LOAD hpl/pm/hpl_pm.o
LOAD hpl/rtc/hpl_rtc.o
LOAD hpl/sysctrl/hpl_sysctrl.o
LOAD main.o
START GROUP
LOAD c:/program files (x86)/atmel/studio/7.0/toolchain/arm/arm-gnu-toolchain/bin/../lib/gcc/arm-none-eabi/6.3.1/../../../../arm-none-eabi/lib/thumb/v6-m\libm.a
END GROUP
START GROUP
LOAD c:/program files (x86)/atmel/studio/7.0/toolchain/arm/arm-gnu-toolchain/bin/../lib/gcc/arm-none-eabi/6.3.1/thumb/v6-m\libgcc.a
LOAD c:/program files (x86)/atmel/studio/7.0/toolchain/arm/arm-gnu-toolchain/bin/../lib/gcc/arm-none-eabi/6.3.1/../../../../arm-none-eabi/lib/thumb/v6-m\libc_nano.a
END GROUP
START GROUP
LOAD c:/program files (x86)/atmel/studio/7.0/toolchain/arm/arm-gnu-toolchain/bin/../lib/gcc/arm-none-eabi/6.3.1/thumb/v6-m\libgcc.a
LOAD c:/program files (x86)/atmel/studio/7.0/toolchain/arm/arm-gnu-toolchain/bin/../lib/gcc/arm-none-eabi/6.3.1/../../../../arm-none-eabi/lib/thumb/v6-m\libc_nano.a
END GROUP
LOAD c:/program files (x86)/atmel/studio/7.0/toolchain/arm/arm-gnu-toolchain/bin/../lib/gcc/arm-none-eabi/6.3.1/thumb/v6-m/crtend.o
LOAD c:/program files (x86)/atmel/studio/7.0/toolchain/arm/arm-gnu-toolchain/bin/../lib/gcc/arm-none-eabi/6.3.1/thumb/v6-m/crtn.o
                0x00002000                STACK_SIZE = DEFINED (STACK_SIZE)?STACK_SIZE:DEFINED (__stack_size__)?__stack_size__:0x2000

.text           0x00000000      0x750
                0x00000000                . = ALIGN (0x4)
                0x00000000                _sfixed = .
 *(.vectors .vectors.*)
 .vectors       0x00000000       0xa4 Device_Startup/startup_samd20.o
                0x00000000                exception_table
 *(.text .text.* .gnu.linkonce.t.*)
 .text          0x000000a4       0x60 c:/program files (x86)/atmel/studio/7.0/toolchain/arm/arm-gnu-toolchain/bin/../lib/gcc/arm-none-eabi/6.3.1/thumb/v6-m/crtbegin.o
 .text.atmel_start_init
                0x00000104        0xc atmel_start.o
                0x00000104                atmel_start_init
 .text.Dummy_Handler
                0x00000110        0x2 Device_Startup/startup_samd20.o
                0x00000110                SVCall_Handler
                0x00000110                HardFault_Handler
                0x00000110                TC2_Handler
                0x00000110                AC_Handler
                0x00000110                SysTick_Handler
                0x00000110                PendSV_Handler
                0x00000110                TC7_Handler
                0x00000110                SERCOM1_Handler
                0x00000110                ADC_Handler
                0x00000110                NonMaskableInt_Handler
                0x00000110                SERCOM2_Handler
                0x00000110                EIC_Handler
                0x00000110                TC6_Handler
                0x00000110                WDT_Handler
                0x00000110                TC4_Handler
                0x00000110                TC1_Handler
                0x00000110                TC3_Handler
                0x00000110                Dummy_Handler
                0x00000110                PM_Handler
                0x00000110                SERCOM5_Handler
                0x00000110                EVSYS_Handler
                0x00000110                SERCOM3_Handler
                0x00000110                SERCOM4_Handler
                0x00000110                NVMCTRL_Handler
                0x00000110                SERCOM0_Handler
                0x00000110                DAC_Handler
                0x00000110                PTC_Handler
                0x00000110                TC0_Handler
                0x00000110                TC5_Handler
                0x00000110                SYSCTRL_Handler
 *fill*         0x00000112        0x2 
 .text.Reset_Handler
                0x00000114       0x74 Device_Startup/startup_samd20.o
                0x00000114                Reset_Handler
 .text.TIMER_0_init
                0x00000188       0x40 driver_init.o
 .text.system_init
                0x000001c8       0x40 driver_init.o
                0x000001c8                system_init
 .text.atomic_enter_critical
                0x00000208        0xe hal/src/hal_atomic.o
                0x00000208                atomic_enter_critical
 .text.atomic_leave_critical
                0x00000216        0xc hal/src/hal_atomic.o
                0x00000216                atomic_leave_critical
 *fill*         0x00000222        0x2 
 .text.timer_add_timer_task
                0x00000224       0x58 hal/src/hal_timer.o
 .text.timer_process_counted
                0x0000027c       0x64 hal/src/hal_timer.o
 .text.timer_init
                0x000002e0       0x44 hal/src/hal_timer.o
                0x000002e0                timer_init
 .text.timer_start
                0x00000324       0x3c hal/src/hal_timer.o
                0x00000324                timer_start
 .text.timer_add_task
                0x00000360       0xb0 hal/src/hal_timer.o
                0x00000360                timer_add_task
 .text.assert   0x00000410        0x8 hal/utils/src/utils_assert.o
                0x00000410                assert
 .text.is_list_element
                0x00000418       0x16 hal/utils/src/utils_list.o
                0x00000418                is_list_element
 *fill*         0x0000042e        0x2 
 .text.list_insert_as_head
                0x00000430       0x2c hal/utils/src/utils_list.o
                0x00000430                list_insert_as_head
 .text.list_insert_after
                0x0000045c        0x8 hal/utils/src/utils_list.o
                0x0000045c                list_insert_after
 .text.list_remove_head
                0x00000464       0x12 hal/utils/src/utils_list.o
                0x00000464                list_remove_head
 *fill*         0x00000476        0x2 
 .text._init_chip
                0x00000478       0x30 hpl/core/hpl_init.o
                0x00000478                _init_chip
 .text._gclk_init_generators_by_fref
                0x000004a8       0x20 hpl/gclk/hpl_gclk.o
                0x000004a8                _gclk_init_generators_by_fref
 .text._pm_init
                0x000004c8       0x20 hpl/pm/hpl_pm.o
                0x000004c8                _pm_init
 .text._rtc_timer_interrupt_handler
                0x000004e8       0x1c hpl/rtc/hpl_rtc.o
 .text._timer_init
                0x00000504       0x5c hpl/rtc/hpl_rtc.o
                0x00000504                _timer_init
 .text._timer_start
                0x00000560       0x58 hpl/rtc/hpl_rtc.o
                0x00000560                _timer_start
 .text._timer_is_started
                0x000005b8       0x12 hpl/rtc/hpl_rtc.o
                0x000005b8                _timer_is_started
 .text._timer_set_irq
                0x000005ca        0x2 hpl/rtc/hpl_rtc.o
                0x000005ca                _timer_set_irq
 .text._rtc_get_timer
                0x000005cc        0x4 hpl/rtc/hpl_rtc.o
                0x000005cc                _rtc_get_timer
 .text.RTC_Handler
                0x000005d0       0x14 hpl/rtc/hpl_rtc.o
                0x000005d0                RTC_Handler
 .text._sysctrl_init_sources
                0x000005e4       0x4c hpl/sysctrl/hpl_sysctrl.o
                0x000005e4                _sysctrl_init_sources
 .text._sysctrl_init_referenced_generators
                0x00000630       0x10 hpl/sysctrl/hpl_sysctrl.o
                0x00000630                _sysctrl_init_referenced_generators
 .text.TIMER_0_task1_cb
                0x00000640        0xc main.o
 .text.TIMER_0_example
                0x0000064c       0x38 main.o
                0x0000064c                TIMER_0_example
 .text.main     0x00000684       0x14 main.o
                0x00000684                main
 .text.__libc_init_array
                0x00000698       0x48 c:/program files (x86)/atmel/studio/7.0/toolchain/arm/arm-gnu-toolchain/bin/../lib/gcc/arm-none-eabi/6.3.1/../../../../arm-none-eabi/lib/thumb/v6-m\libc_nano.a(lib_a-init.o)
                0x00000698                __libc_init_array
 *(.glue_7t)
 .glue_7t       0x000006e0        0x0 linker stubs
 *(.glue_7)
 .glue_7        0x000006e0        0x0 linker stubs
 *(.rodata .rodata* .gnu.linkonce.r.*)
 .rodata.str1.4
                0x000006e0       0x17 hal/src/hal_timer.o
 *fill*         0x000006f7        0x1 
 .rodata.str1.4
                0x000006f8       0x1e hal/utils/src/utils_list.o
 *fill*         0x00000716        0x2 
 .rodata.str1.4
                0x00000718       0x18 hpl/rtc/hpl_rtc.o
                                 0x15 (size before relaxing)
 *(.ARM.extab* .gnu.linkonce.armextab.*)
                0x00000730                . = ALIGN (0x4)
 *(.init)
 .init          0x00000730        0x4 c:/program files (x86)/atmel/studio/7.0/toolchain/arm/arm-gnu-toolchain/bin/../lib/gcc/arm-none-eabi/6.3.1/thumb/v6-m/crti.o
                0x00000730                _init
 .init          0x00000734        0x8 c:/program files (x86)/atmel/studio/7.0/toolchain/arm/arm-gnu-toolchain/bin/../lib/gcc/arm-none-eabi/6.3.1/thumb/v6-m/crtn.o
                0x0000073c                . = ALIGN (0x4)
                0x0000073c                __preinit_array_start = .
 *(.preinit_array)
                0x0000073c                __preinit_array_end = .
                0x0000073c                . = ALIGN (0x4)
                0x0000073c                __init_array_start = .
 *(SORT(.init_array.*))
 *(.init_array)
 .init_array    0x0000073c        0x4 c:/program files (x86)/atmel/studio/7.0/toolchain/arm/arm-gnu-toolchain/bin/../lib/gcc/arm-none-eabi/6.3.1/thumb/v6-m/crtbegin.o
                0x00000740                __init_array_end = .
                0x00000740                . = ALIGN (0x4)
 *crtbegin.o(.ctors)
 *(EXCLUDE_FILE(*crtend.o) .ctors)
 *(SORT(.ctors.*))
 *crtend.o(.ctors)
                0x00000740                . = ALIGN (0x4)
 *(.fini)
 .fini          0x00000740        0x4 c:/program files (x86)/atmel/studio/7.0/toolchain/arm/arm-gnu-toolchain/bin/../lib/gcc/arm-none-eabi/6.3.1/thumb/v6-m/crti.o
                0x00000740                _fini
 .fini          0x00000744        0x8 c:/program files (x86)/atmel/studio/7.0/toolchain/arm/arm-gnu-toolchain/bin/../lib/gcc/arm-none-eabi/6.3.1/thumb/v6-m/crtn.o
                0x0000074c                . = ALIGN (0x4)
                0x0000074c                __fini_array_start = .
 *(.fini_array)
 .fini_array    0x0000074c        0x4 c:/program files (x86)/atmel/studio/7.0/toolchain/arm/arm-gnu-toolchain/bin/../lib/gcc/arm-none-eabi/6.3.1/thumb/v6-m/crtbegin.o
 *(SORT(.fini_array.*))
                0x00000750                __fini_array_end = .
 *crtbegin.o(.dtors)
 *(EXCLUDE_FILE(*crtend.o) .dtors)
 *(SORT(.dtors.*))
 *crtend.o(.dtors)
                0x00000750                . = ALIGN (0x4)
                0x00000750                _efixed = .
                [!provide]                PROVIDE (__exidx_start, .)

.vfp11_veneer   0x00000750        0x0
 .vfp11_veneer  0x00000750        0x0 linker stubs

.v4_bx          0x00000750        0x0
 .v4_bx         0x00000750        0x0 linker stubs

.iplt           0x00000750        0x0
 .iplt          0x00000750        0x0 c:/program files (x86)/atmel/studio/7.0/toolchain/arm/arm-gnu-toolchain/bin/../lib/gcc/arm-none-eabi/6.3.1/thumb/v6-m/crtbegin.o

.eh_frame       0x00000750        0x0
 .eh_frame      0x00000750        0x0 c:/program files (x86)/atmel/studio/7.0/toolchain/arm/arm-gnu-toolchain/bin/../lib/gcc/arm-none-eabi/6.3.1/thumb/v6-m/crtbegin.o

.rel.dyn        0x00000750        0x0
 .rel.iplt      0x00000750        0x0 c:/program files (x86)/atmel/studio/7.0/toolchain/arm/arm-gnu-toolchain/bin/../lib/gcc/arm-none-eabi/6.3.1/thumb/v6-m/crtbegin.o

.jcr            0x00000750        0x0
 .jcr           0x00000750        0x0 c:/program files (x86)/atmel/studio/7.0/toolchain/arm/arm-gnu-toolchain/bin/../lib/gcc/arm-none-eabi/6.3.1/thumb/v6-m/crtbegin.o

.igot.plt       0x00000750        0x0
 .igot.plt      0x00000750        0x0 c:/program files (x86)/atmel/studio/7.0/toolchain/arm/arm-gnu-toolchain/bin/../lib/gcc/arm-none-eabi/6.3.1/thumb/v6-m/crtbegin.o

.ARM.exidx
 *(.ARM.exidx* .gnu.linkonce.armexidx.*)
                [!provide]                PROVIDE (__exidx_end, .)
                0x00000750                . = ALIGN (0x4)
                0x00000750                _etext = .

.relocate       0x20000000        0x0 load address 0x00000750
                0x20000000                . = ALIGN (0x4)
                0x20000000                _srelocate = .
 *(.ramfunc .ramfunc.*)
 *(.data .data.*)
                0x20000000                . = ALIGN (0x4)
                0x20000000                _erelocate = .

.bss            0x20000000       0x50
                0x20000000                . = ALIGN (0x4)
                0x20000000                _sbss = .
                0x20000000                _szero = .
 *(.bss .bss.*)
 .bss           0x20000000       0x1c c:/program files (x86)/atmel/studio/7.0/toolchain/arm/arm-gnu-toolchain/bin/../lib/gcc/arm-none-eabi/6.3.1/thumb/v6-m/crtbegin.o
 .bss           0x2000001c        0x4 hpl/rtc/hpl_rtc.o
 .bss           0x20000020       0x14 main.o
 *(COMMON)
 COMMON         0x20000034       0x1c driver_init.o
                0x20000034                TIMER_0
                0x20000050                . = ALIGN (0x4)
                0x20000050                _ebss = .
                0x20000050                _ezero = .

.stack          0x20000050     0x2000
                0x20000050                . = ALIGN (0x8)
                0x20000050                _sstack = .
                0x20002050                . = (. + STACK_SIZE)
 *fill*         0x20000050     0x2000 
                0x20002050                . = ALIGN (0x8)
                0x20002050                _estack = .
                0x20002050                . = ALIGN (0x4)
                0x20002050                _end = .
OUTPUT(ISR_inSAMD20.elf elf32-littlearm)

.ARM.attributes
                0x00000000       0x28
 .ARM.attributes
                0x00000000       0x1e c:/program files (x86)/atmel/studio/7.0/toolchain/arm/arm-gnu-toolchain/bin/../lib/gcc/arm-none-eabi/6.3.1/thumb/v6-m/crti.o
 .ARM.attributes
                0x0000001e       0x2c c:/program files (x86)/atmel/studio/7.0/toolchain/arm/arm-gnu-toolchain/bin/../lib/gcc/arm-none-eabi/6.3.1/thumb/v6-m/crtbegin.o
 .ARM.attributes
                0x0000004a       0x32 atmel_start.o
 .ARM.attributes
                0x0000007c       0x32 Device_Startup/startup_samd20.o
 .ARM.attributes
                0x000000ae       0x32 driver_init.o
 .ARM.attributes
                0x000000e0       0x32 hal/src/hal_atomic.o
 .ARM.attributes
                0x00000112       0x32 hal/src/hal_timer.o
 .ARM.attributes
                0x00000144       0x32 hal/utils/src/utils_assert.o
 .ARM.attributes
                0x00000176       0x32 hal/utils/src/utils_list.o
 .ARM.attributes
                0x000001a8       0x32 hpl/core/hpl_init.o
 .ARM.attributes
                0x000001da       0x32 hpl/gclk/hpl_gclk.o
 .ARM.attributes
                0x0000020c       0x32 hpl/pm/hpl_pm.o
 .ARM.attributes
                0x0000023e       0x32 hpl/rtc/hpl_rtc.o
 .ARM.attributes
                0x00000270       0x32 hpl/sysctrl/hpl_sysctrl.o
 .ARM.attributes
                0x000002a2       0x32 main.o
 .ARM.attributes
                0x000002d4       0x2c c:/program files (x86)/atmel/studio/7.0/toolchain/arm/arm-gnu-toolchain/bin/../lib/gcc/arm-none-eabi/6.3.1/../../../../arm-none-eabi/lib/thumb/v6-m\libc_nano.a(lib_a-init.o)
 .ARM.attributes
                0x00000300       0x1e c:/program files (x86)/atmel/studio/7.0/toolchain/arm/arm-gnu-toolchain/bin/../lib/gcc/arm-none-eabi/6.3.1/thumb/v6-m/crtn.o

.comment        0x00000000       0x59
 .comment       0x00000000       0x59 atmel_start.o
                                 0x5a (size before relaxing)
 .comment       0x00000059       0x5a Device_Startup/startup_samd20.o
 .comment       0x00000059       0x5a driver_init.o
 .comment       0x00000059       0x5a hal/src/hal_atomic.o
 .comment       0x00000059       0x5a hal/src/hal_timer.o
 .comment       0x00000059       0x5a hal/utils/src/utils_assert.o
 .comment       0x00000059       0x5a hal/utils/src/utils_list.o
 .comment       0x00000059       0x5a hpl/core/hpl_init.o
 .comment       0x00000059       0x5a hpl/gclk/hpl_gclk.o
 .comment       0x00000059       0x5a hpl/pm/hpl_pm.o
 .comment       0x00000059       0x5a hpl/rtc/hpl_rtc.o
 .comment       0x00000059       0x5a hpl/sysctrl/hpl_sysctrl.o
 .comment       0x00000059       0x5a main.o

.debug_info     0x00000000     0xafa4
 .debug_info    0x00000000      0x225 atmel_start.o
 .debug_info    0x00000225      0x9c8 Device_Startup/startup_samd20.o
 .debug_info    0x00000bed     0x3ee3 driver_init.o
 .debug_info    0x00004ad0      0x1d1 hal/src/hal_atomic.o
 .debug_info    0x00004ca1      0xb91 hal/src/hal_timer.o
 .debug_info    0x00005832      0x107 hal/utils/src/utils_assert.o
 .debug_info    0x00005939      0x314 hal/utils/src/utils_list.o
 .debug_info    0x00005c4d      0x677 hpl/core/hpl_init.o
 .debug_info    0x000062c4      0x4e1 hpl/gclk/hpl_gclk.o
 .debug_info    0x000067a5      0xbfe hpl/pm/hpl_pm.o
 .debug_info    0x000073a3     0x205e hpl/rtc/hpl_rtc.o
 .debug_info    0x00009401     0x10e3 hpl/sysctrl/hpl_sysctrl.o
 .debug_info    0x0000a4e4      0xac0 main.o

.debug_abbrev   0x00000000     0x199f
 .debug_abbrev  0x00000000       0xd8 atmel_start.o
 .debug_abbrev  0x000000d8      0x1d7 Device_Startup/startup_samd20.o
 .debug_abbrev  0x000002af      0x35d driver_init.o
 .debug_abbrev  0x0000060c      0x144 hal/src/hal_atomic.o
 .debug_abbrev  0x00000750      0x221 hal/src/hal_timer.o
 .debug_abbrev  0x00000971       0x86 hal/utils/src/utils_assert.o
 .debug_abbrev  0x000009f7      0x152 hal/utils/src/utils_list.o
 .debug_abbrev  0x00000b49      0x1cc hpl/core/hpl_init.o
 .debug_abbrev  0x00000d15      0x1c3 hpl/gclk/hpl_gclk.o
 .debug_abbrev  0x00000ed8      0x226 hpl/pm/hpl_pm.o
 .debug_abbrev  0x000010fe      0x3ed hpl/rtc/hpl_rtc.o
 .debug_abbrev  0x000014eb      0x1fb hpl/sysctrl/hpl_sysctrl.o
 .debug_abbrev  0x000016e6      0x2b9 main.o

.debug_loc      0x00000000     0x159d
 .debug_loc     0x00000000       0x20 atmel_start.o
 .debug_loc     0x00000020       0x78 Device_Startup/startup_samd20.o
 .debug_loc     0x00000098      0x226 driver_init.o
 .debug_loc     0x000002be       0x13 hal/src/hal_atomic.o
 .debug_loc     0x000002d1      0x767 hal/src/hal_timer.o
 .debug_loc     0x00000a38      0x213 hal/utils/src/utils_list.o
 .debug_loc     0x00000c4b       0x4c hpl/core/hpl_init.o
 .debug_loc     0x00000c97       0xa3 hpl/gclk/hpl_gclk.o
 .debug_loc     0x00000d3a      0x11b hpl/pm/hpl_pm.o
 .debug_loc     0x00000e55      0x561 hpl/rtc/hpl_rtc.o
 .debug_loc     0x000013b6      0x153 hpl/sysctrl/hpl_sysctrl.o
 .debug_loc     0x00001509       0x94 main.o

.debug_aranges  0x00000000      0x2b8
 .debug_aranges
                0x00000000       0x20 atmel_start.o
 .debug_aranges
                0x00000020       0x28 Device_Startup/startup_samd20.o
 .debug_aranges
                0x00000048       0x28 driver_init.o
 .debug_aranges
                0x00000070       0x30 hal/src/hal_atomic.o
 .debug_aranges
                0x000000a0       0x70 hal/src/hal_timer.o
 .debug_aranges
                0x00000110       0x20 hal/utils/src/utils_assert.o
 .debug_aranges
                0x00000130       0x48 hal/utils/src/utils_list.o
 .debug_aranges
                0x00000178       0x20 hpl/core/hpl_init.o
 .debug_aranges
                0x00000198       0x28 hpl/gclk/hpl_gclk.o
 .debug_aranges
                0x000001c0       0x30 hpl/pm/hpl_pm.o
 .debug_aranges
                0x000001f0       0x70 hpl/rtc/hpl_rtc.o
 .debug_aranges
                0x00000260       0x28 hpl/sysctrl/hpl_sysctrl.o
 .debug_aranges
                0x00000288       0x30 main.o

.debug_ranges   0x00000000      0x218
 .debug_ranges  0x00000000       0x10 atmel_start.o
 .debug_ranges  0x00000010       0x18 Device_Startup/startup_samd20.o
 .debug_ranges  0x00000028       0x18 driver_init.o
 .debug_ranges  0x00000040       0x20 hal/src/hal_atomic.o
 .debug_ranges  0x00000060       0x90 hal/src/hal_timer.o
 .debug_ranges  0x000000f0       0x10 hal/utils/src/utils_assert.o
 .debug_ranges  0x00000100       0x38 hal/utils/src/utils_list.o
 .debug_ranges  0x00000138       0x10 hpl/core/hpl_init.o
 .debug_ranges  0x00000148       0x18 hpl/gclk/hpl_gclk.o
 .debug_ranges  0x00000160       0x20 hpl/pm/hpl_pm.o
 .debug_ranges  0x00000180       0x60 hpl/rtc/hpl_rtc.o
 .debug_ranges  0x000001e0       0x18 hpl/sysctrl/hpl_sysctrl.o
 .debug_ranges  0x000001f8       0x20 main.o

.debug_macro    0x00000000     0xeefa
 .debug_macro   0x00000000      0x450 atmel_start.o
 .debug_macro   0x00000450      0x89e atmel_start.o
 .debug_macro   0x00000cee      0x16d atmel_start.o
 .debug_macro   0x00000e5b       0x22 atmel_start.o
 .debug_macro   0x00000e7d       0x87 atmel_start.o
 .debug_macro   0x00000f04       0x51 atmel_start.o
 .debug_macro   0x00000f55       0xef atmel_start.o
 .debug_macro   0x00001044       0x6a atmel_start.o
 .debug_macro   0x000010ae      0x1df atmel_start.o
 .debug_macro   0x0000128d       0x22 atmel_start.o
 .debug_macro   0x000012af       0x3f atmel_start.o
 .debug_macro   0x000012ee       0x1c atmel_start.o
 .debug_macro   0x0000130a       0x22 atmel_start.o
 .debug_macro   0x0000132c       0xb5 atmel_start.o
 .debug_macro   0x000013e1      0x3ad atmel_start.o
 .debug_macro   0x0000178e      0x67e atmel_start.o
 .debug_macro   0x00001e0c      0x8b1 atmel_start.o
 .debug_macro   0x000026bd      0x222 atmel_start.o
 .debug_macro   0x000028df      0x5e7 atmel_start.o
 .debug_macro   0x00002ec6      0x9f6 atmel_start.o
 .debug_macro   0x000038bc      0x5b5 atmel_start.o
 .debug_macro   0x00003e71      0x4a5 atmel_start.o
 .debug_macro   0x00004316      0x6e8 atmel_start.o
 .debug_macro   0x000049fe       0x5e atmel_start.o
 .debug_macro   0x00004a5c      0x5de atmel_start.o
 .debug_macro   0x0000503a      0x3ac atmel_start.o
 .debug_macro   0x000053e6      0xc76 atmel_start.o
 .debug_macro   0x0000605c      0xd23 atmel_start.o
 .debug_macro   0x00006d7f      0x7ac atmel_start.o
 .debug_macro   0x0000752b      0x6ba atmel_start.o
 .debug_macro   0x00007be5      0x340 atmel_start.o
 .debug_macro   0x00007f25       0x7c atmel_start.o
 .debug_macro   0x00007fa1       0x9a atmel_start.o
 .debug_macro   0x0000803b       0x46 atmel_start.o
 .debug_macro   0x00008081       0xb2 atmel_start.o
 .debug_macro   0x00008133       0x6a atmel_start.o
 .debug_macro   0x0000819d      0x261 atmel_start.o
 .debug_macro   0x000083fe       0x7c atmel_start.o
 .debug_macro   0x0000847a       0xb2 atmel_start.o
 .debug_macro   0x0000852c       0x1c atmel_start.o
 .debug_macro   0x00008548       0x1c atmel_start.o
 .debug_macro   0x00008564       0x1c atmel_start.o
 .debug_macro   0x00008580       0x82 atmel_start.o
 .debug_macro   0x00008602      0x15a atmel_start.o
 .debug_macro   0x0000875c       0x10 atmel_start.o
 .debug_macro   0x0000876c       0xdc atmel_start.o
 .debug_macro   0x00008848      0x100 atmel_start.o
 .debug_macro   0x00008948      0x100 atmel_start.o
 .debug_macro   0x00008a48      0x100 atmel_start.o
 .debug_macro   0x00008b48      0x100 atmel_start.o
 .debug_macro   0x00008c48      0x100 atmel_start.o
 .debug_macro   0x00008d48      0x100 atmel_start.o
 .debug_macro   0x00008e48       0xfa atmel_start.o
 .debug_macro   0x00008f42       0xbe atmel_start.o
 .debug_macro   0x00009000       0xbe atmel_start.o
 .debug_macro   0x000090be       0xbe atmel_start.o
 .debug_macro   0x0000917c       0xbe atmel_start.o
 .debug_macro   0x0000923a       0xbe atmel_start.o
 .debug_macro   0x000092f8       0xbe atmel_start.o
 .debug_macro   0x000093b6       0xbe atmel_start.o
 .debug_macro   0x00009474       0xbe atmel_start.o
 .debug_macro   0x00009532       0x40 atmel_start.o
 .debug_macro   0x00009572      0x2f8 atmel_start.o
 .debug_macro   0x0000986a     0x1b18 atmel_start.o
 .debug_macro   0x0000b382       0x66 atmel_start.o
 .debug_macro   0x0000b3e8       0x10 atmel_start.o
 .debug_macro   0x0000b3f8       0x10 atmel_start.o
 .debug_macro   0x0000b408       0x16 atmel_start.o
 .debug_macro   0x0000b41e       0x16 atmel_start.o
 .debug_macro   0x0000b434       0x16 atmel_start.o
 .debug_macro   0x0000b44a       0x16 atmel_start.o
 .debug_macro   0x0000b460       0x16 atmel_start.o
 .debug_macro   0x0000b476       0x16 atmel_start.o
 .debug_macro   0x0000b48c       0x16 atmel_start.o
 .debug_macro   0x0000b4a2       0x16 atmel_start.o
 .debug_macro   0x0000b4b8       0x16 atmel_start.o
 .debug_macro   0x0000b4ce       0x16 atmel_start.o
 .debug_macro   0x0000b4e4      0x4c3 atmel_start.o
 .debug_macro   0x0000b9a7       0x16 atmel_start.o
 .debug_macro   0x0000b9bd       0x16 atmel_start.o
 .debug_macro   0x0000b9d3       0x6a atmel_start.o
 .debug_macro   0x0000ba3d       0x16 atmel_start.o
 .debug_macro   0x0000ba53       0xca atmel_start.o
 .debug_macro   0x0000bb1d       0x1c atmel_start.o
 .debug_macro   0x0000bb39       0x16 atmel_start.o
 .debug_macro   0x0000bb4f       0x3a atmel_start.o
 .debug_macro   0x0000bb89      0x2a2 Device_Startup/startup_samd20.o
 .debug_macro   0x0000be2b       0x39 Device_Startup/startup_samd20.o
 .debug_macro   0x0000be64      0x476 driver_init.o
 .debug_macro   0x0000c2da       0x1c driver_init.o
 .debug_macro   0x0000c2f6       0xc9 driver_init.o
 .debug_macro   0x0000c3bf      0x39a hal/src/hal_atomic.o
 .debug_macro   0x0000c759      0x3e0 hal/src/hal_timer.o
 .debug_macro   0x0000cb39      0x3a3 hal/utils/src/utils_assert.o
 .debug_macro   0x0000cedc       0x10 hal/utils/src/utils_assert.o
 .debug_macro   0x0000ceec      0x3a7 hal/utils/src/utils_list.o
 .debug_macro   0x0000d293      0x3ed hpl/core/hpl_init.o
 .debug_macro   0x0000d680       0x2e hpl/core/hpl_init.o
 .debug_macro   0x0000d6ae      0x3b0 hpl/gclk/hpl_gclk.o
 .debug_macro   0x0000da5e      0x1f3 hpl/gclk/hpl_gclk.o
 .debug_macro   0x0000dc51      0x3d9 hpl/pm/hpl_pm.o
 .debug_macro   0x0000e02a      0x3d2 hpl/rtc/hpl_rtc.o
 .debug_macro   0x0000e3fc       0x64 hpl/rtc/hpl_rtc.o
 .debug_macro   0x0000e460      0x3b0 hpl/sysctrl/hpl_sysctrl.o
 .debug_macro   0x0000e810      0x29a hpl/sysctrl/hpl_sysctrl.o
 .debug_macro   0x0000eaaa      0x450 main.o

.debug_line     0x00000000     0x7697
 .debug_line    0x00000000      0x977 atmel_start.o
 .debug_line    0x00000977      0x68e Device_Startup/startup_samd20.o
 .debug_line    0x00001005      0xa26 driver_init.o
 .debug_line    0x00001a2b      0x8a2 hal/src/hal_atomic.o
 .debug_line    0x000022cd      0xa40 hal/src/hal_timer.o
 .debug_line    0x00002d0d      0x86c hal/utils/src/utils_assert.o
 .debug_line    0x00003579      0x905 hal/utils/src/utils_list.o
 .debug_line    0x00003e7e      0x902 hpl/core/hpl_init.o
 .debug_line    0x00004780      0x8c6 hpl/gclk/hpl_gclk.o
 .debug_line    0x00005046      0x912 hpl/pm/hpl_pm.o
 .debug_line    0x00005958      0xaaa hpl/rtc/hpl_rtc.o
 .debug_line    0x00006402      0x8f5 hpl/sysctrl/hpl_sysctrl.o
 .debug_line    0x00006cf7      0x9a0 main.o

.debug_str      0x00000000    0x4d863
 .debug_str     0x00000000    0x49aaa atmel_start.o
                              0x49ee3 (size before relaxing)
 .debug_str     0x00049aaa      0x4fd Device_Startup/startup_samd20.o
                              0x46150 (size before relaxing)
 .debug_str     0x00049fa7     0x1340 driver_init.o
                              0x4b42b (size before relaxing)
 .debug_str     0x0004b2e7       0xbe hal/src/hal_atomic.o
                              0x49b51 (size before relaxing)
 .debug_str     0x0004b3a5      0x2e3 hal/src/hal_timer.o
                              0x4a490 (size before relaxing)
 .debug_str     0x0004b688       0x2f hal/utils/src/utils_assert.o
                              0x49b61 (size before relaxing)
 .debug_str     0x0004b6b7       0x31 hal/utils/src/utils_list.o
                              0x49c0b (size before relaxing)
 .debug_str     0x0004b6e8      0x1df hpl/core/hpl_init.o
                              0x4a003 (size before relaxing)
 .debug_str     0x0004b8c7      0x81a hpl/gclk/hpl_gclk.o
                              0x4a449 (size before relaxing)
 .debug_str     0x0004c0e1      0x194 hpl/pm/hpl_pm.o
                              0x4a16c (size before relaxing)
 .debug_str     0x0004c275      0x51c hpl/rtc/hpl_rtc.o
                              0x4a674 (size before relaxing)
 .debug_str     0x0004c791     0x1056 hpl/sysctrl/hpl_sysctrl.o
                              0x4ac91 (size before relaxing)
 .debug_str     0x0004d7e7       0x7c main.o
                              0x4a1ca (size before relaxing)

.debug_frame    0x00000000      0x4fc
 .debug_frame   0x00000000       0x28 atmel_start.o
 .debug_frame   0x00000028       0x38 Device_Startup/startup_samd20.o
 .debug_frame   0x00000060       0x40 driver_init.o
 .debug_frame   0x000000a0       0x40 hal/src/hal_atomic.o
 .debug_frame   0x000000e0      0x13c hal/src/hal_timer.o
 .debug_frame   0x0000021c       0x20 hal/utils/src/utils_assert.o
 .debug_frame   0x0000023c       0x88 hal/utils/src/utils_list.o
 .debug_frame   0x000002c4       0x28 hpl/core/hpl_init.o
 .debug_frame   0x000002ec       0x30 hpl/gclk/hpl_gclk.o
 .debug_frame   0x0000031c       0x40 hpl/pm/hpl_pm.o
 .debug_frame   0x0000035c       0xf4 hpl/rtc/hpl_rtc.o
 .debug_frame   0x00000450       0x30 hpl/sysctrl/hpl_sysctrl.o
 .debug_frame   0x00000480       0x50 main.o
 .debug_frame   0x000004d0       0x2c c:/program files (x86)/atmel/studio/7.0/toolchain/arm/arm-gnu-toolchain/bin/../lib/gcc/arm-none-eabi/6.3.1/../../../../arm-none-eabi/lib/thumb/v6-m\libc_nano.a(lib_a-init.o)
